.next/types/validator.ts(53,39): error TS2307: Cannot find module '../../src/app/admin/add-product/page.js' or its corresponding type declarations.
.next/types/validator.ts(71,39): error TS2307: Cannot find module '../../src/app/admin/page.js' or its corresponding type declarations.
.next/types/validator.ts(80,39): error TS2307: Cannot find module '../../src/app/admin/products/[id]/edit/page.js' or its corresponding type declarations.
src/app/admin/dashboard/page.tsx(190,14): error TS2304: Cannot find name 'Link'.
src/app/admin/dashboard/page.tsx(190,111): error TS2304: Cannot find name 'Link'.
